Archive member included to satisfy reference by file (symbol)

/Applications/ARM/bin/../lib/gcc/arm-none-eabi/9.3.1/../../../../arm-none-eabi/lib/thumb/v7e-m/nofp/libc_nano.a(lib_a-exit.o)
                              /Applications/ARM/bin/../lib/gcc/arm-none-eabi/9.3.1/../../../../arm-none-eabi/lib/thumb/v7e-m/nofp/crt0.o (exit)
/Applications/ARM/bin/../lib/gcc/arm-none-eabi/9.3.1/../../../../arm-none-eabi/lib/thumb/v7e-m/nofp/libc_nano.a(lib_a-impure.o)
                              /Applications/ARM/bin/../lib/gcc/arm-none-eabi/9.3.1/../../../../arm-none-eabi/lib/thumb/v7e-m/nofp/libc_nano.a(lib_a-exit.o) (_global_impure_ptr)
/Applications/ARM/bin/../lib/gcc/arm-none-eabi/9.3.1/../../../../arm-none-eabi/lib/thumb/v7e-m/nofp/libc_nano.a(lib_a-init.o)
                              /Applications/ARM/bin/../lib/gcc/arm-none-eabi/9.3.1/../../../../arm-none-eabi/lib/thumb/v7e-m/nofp/crt0.o (__libc_init_array)
/Applications/ARM/bin/../lib/gcc/arm-none-eabi/9.3.1/../../../../arm-none-eabi/lib/thumb/v7e-m/nofp/libc_nano.a(lib_a-memset.o)
                              /Applications/ARM/bin/../lib/gcc/arm-none-eabi/9.3.1/../../../../arm-none-eabi/lib/thumb/v7e-m/nofp/crt0.o (memset)

Memory Configuration

Name             Origin             Length             Attributes
FLASH            0x0000000008000000 0x0000000000100000 xr
SRAM             0x0000000020000000 0x0000000000020000 xrw
*default*        0x0000000000000000 0xffffffffffffffff

Linker script and memory map

LOAD /Applications/ARM/bin/../lib/gcc/arm-none-eabi/9.3.1/thumb/v7e-m/nofp/crti.o
LOAD /Applications/ARM/bin/../lib/gcc/arm-none-eabi/9.3.1/thumb/v7e-m/nofp/crtbegin.o
LOAD /Applications/ARM/bin/../lib/gcc/arm-none-eabi/9.3.1/../../../../arm-none-eabi/lib/thumb/v7e-m/nofp/crt0.o
LOAD syscalls.o
LOAD main.o
LOAD core.o
LOAD vector_table.o
START GROUP
LOAD /Applications/ARM/bin/../lib/gcc/arm-none-eabi/9.3.1/thumb/v7e-m/nofp/libgcc.a
LOAD /Applications/ARM/bin/../lib/gcc/arm-none-eabi/9.3.1/../../../../arm-none-eabi/lib/thumb/v7e-m/nofp/libc_nano.a
END GROUP
START GROUP
LOAD /Applications/ARM/bin/../lib/gcc/arm-none-eabi/9.3.1/thumb/v7e-m/nofp/libgcc.a
LOAD /Applications/ARM/bin/../lib/gcc/arm-none-eabi/9.3.1/../../../../arm-none-eabi/lib/thumb/v7e-m/nofp/libc_nano.a
END GROUP
LOAD /Applications/ARM/bin/../lib/gcc/arm-none-eabi/9.3.1/thumb/v7e-m/nofp/crtend.o
LOAD /Applications/ARM/bin/../lib/gcc/arm-none-eabi/9.3.1/thumb/v7e-m/nofp/crtn.o
                0x0000000000000400                _MIN_RAM = 0x400
                0x0000000020002000                _estack = 0x20002000

.text           0x0000000008000000      0x2c8
 *(.isr_vector)
 .isr_vector    0x0000000008000000      0x1aa vector_table.o
                0x0000000008000000                vtable
                0x00000000080001a8                HASH_RNG_IRQHandler
                0x00000000080001a8                EXTI2_IRQHandler
                0x00000000080001a8                TIM8_CC_IRQHandler
                0x00000000080001a8                DebugMon_Handler
                0x00000000080001a8                TIM1_CC_IRQHandler
                0x00000000080001a8                DMA2_Stream5_IRQHandler
                0x00000000080001a8                HardFault_Handler
                0x00000000080001a8                DMA1_Stream5_IRQHandler
                0x00000000080001a8                SysTick_Handler
                0x00000000080001a8                PVD_IRQHandler
                0x00000000080001a8                SDIO_IRQHandler
                0x00000000080001a8                TAMP_STAMP_IRQHandler
                0x00000000080001a8                PendSV_Handler
                0x00000000080001a8                NMI_Handler
                0x00000000080001a8                CAN2_RX1_IRQHandler
                0x00000000080001a8                EXTI3_IRQHandler
                0x00000000080001a8                TIM8_TRG_COM_TIM14_IRQHandler
                0x00000000080001a8                TIM1_UP_TIM10_IRQHandler
                0x00000000080001a8                TIM8_UP_TIM13_IRQHandler
                0x00000000080001a8                I2C3_ER_IRQHandler
                0x00000000080001a8                LCD_TFT_IRQHandler
                0x00000000080001a8                EXTI0_IRQHandler
                0x00000000080001a8                I2C2_EV_IRQHandler
                0x00000000080001a8                DMA1_Stream2_IRQHandler
                0x00000000080001a8                CAN1_RX0_IRQHandler
                0x00000000080001a8                FPU_IRQHandler
                0x00000000080001a8                OTG_HS_WKUP_IRQHandler
                0x00000000080001a8                UsageFault_Handler
                0x00000000080001a8                CAN2_SCE_IRQHandler
                0x00000000080001a8                DMA2_Stream2_IRQHandler
                0x00000000080001a8                SPI1_IRQHandler
                0x00000000080001a8                TIM6_DAC_IRQHandler
                0x00000000080001a8                TIM1_BRK_TIM9_IRQHandler
                0x00000000080001a8                DCMI_IRQHandler
                0x00000000080001a8                CAN2_RX0_IRQHandler
                0x00000000080001a8                DMA2_Stream3_IRQHandler
                0x00000000080001a8                USART6_IRQHandler
                0x00000000080001a8                USART3_IRQHandler
                0x00000000080001a8                CRYP_IRQHandler
                0x00000000080001a8                CAN1_RX1_IRQHandler
                0x00000000080001a8                UART5_IRQHandler
                0x00000000080001a8                DMA2_Stream0_IRQHandler
                0x00000000080001a8                TIM4_IRQHandler
                0x00000000080001a8                I2C1_EV_IRQHandler
                0x00000000080001a8                DMA1_Stream6_IRQHandler
                0x00000000080001a8                DMA1_Stream1_IRQHandler
                0x00000000080001a8                UART4_IRQHandler
                0x00000000080001a8                LCD_TFT_1_IRQHandler
                0x00000000080001a8                TIM3_IRQHandler
                0x00000000080001a8                RCC_IRQHandler
                0x00000000080001a8                TIM8_BRK_TIM12_IRQHandler
                0x00000000080001a8                EXTI15_10_IRQHandler
                0x00000000080001a8                ADC_IRQHandler
                0x00000000080001a8                DMA1_Stream7_IRQHandler
                0x00000000080001a8                TIM7_IRQHandler
                0x00000000080001a8                CAN2_TX_IRQHandler
                0x00000000080001a8                TIM5_IRQHandler
                0x00000000080001a8                DMA2_Stream7_IRQHandler
                0x00000000080001a8                I2C3_EV_IRQHandler
                0x00000000080001a8                EXTI9_5_IRQHandler
                0x00000000080001a8                RTC_WKUP_IRQHandler
                0x00000000080001a8                ETH_WKUP_IRQHandler
                0x00000000080001a8                SPI2_IRQHandler
                0x00000000080001a8                OTG_HS_EP1_IN_IRQHandler
                0x00000000080001a8                MemManage_Handler
                0x00000000080001a8                DMA1_Stream0_IRQHandler
                0x00000000080001a8                CAN1_TX_IRQHandler
                0x00000000080001a8                SVC_Handler
                0x00000000080001a8                EXTI4_IRQHandler
                0x00000000080001a8                FSMC_IRQHandler
                0x00000000080001a8                ETH_IRQHandler
                0x00000000080001a8                OTG_HS_EP1_OUT_IRQHandler
                0x00000000080001a8                WWDG_IRQHandler
                0x00000000080001a8                TIM2_IRQHandler
                0x00000000080001a8                OTG_FS_WKUP_IRQHandler
                0x00000000080001a8                TIM1_TRG_COM_TIM11_IRQHandler
                0x00000000080001a8                OTG_HS_IRQHandler
                0x00000000080001a8                EXTI1_IRQHandler
                0x00000000080001a8                USART2_IRQHandler
                0x00000000080001a8                I2C2_ER_IRQHandler
                0x00000000080001a8                DMA2_Stream1_IRQHandler
                0x00000000080001a8                CAN1_SCE_IRQHandler
                0x00000000080001a8                DMA2_Stream4_IRQHandler
                0x00000000080001a8                BusFault_Handler
                0x00000000080001a8                USART1_IRQHandler
                0x00000000080001a8                OTG_FS_IRQHandler
                0x00000000080001a8                SPI3_IRQHandler
                0x00000000080001a8                DMA1_Stream4_IRQHandler
                0x00000000080001a8                I2C1_ER_IRQHandler
                0x00000000080001a8                DMA2_Stream6_IRQHandler
                0x00000000080001a8                RTC_Alarm_IRQHandler
                0x00000000080001a8                DMA1_Stream3_IRQHandler
 *(.text)
 .text          0x00000000080001aa        0x0 /Applications/ARM/bin/../lib/gcc/arm-none-eabi/9.3.1/thumb/v7e-m/nofp/crti.o
 *fill*         0x00000000080001aa        0x2 
 .text          0x00000000080001ac       0x40 /Applications/ARM/bin/../lib/gcc/arm-none-eabi/9.3.1/thumb/v7e-m/nofp/crtbegin.o
 .text          0x00000000080001ec       0x7c /Applications/ARM/bin/../lib/gcc/arm-none-eabi/9.3.1/../../../../arm-none-eabi/lib/thumb/v7e-m/nofp/crt0.o
                0x00000000080001ec                _stack_init
                0x00000000080001f4                _mainCRTStartup
                0x00000000080001f4                _start
 .text          0x0000000008000268        0xa syscalls.o
                0x0000000008000268                _exit
 .text          0x0000000008000272       0x12 main.o
                0x0000000008000272                main
 .text          0x0000000008000284       0x44 core.o
                0x0000000008000284                Reset_Handler
 .text          0x00000000080002c8        0x0 vector_table.o
 .text          0x00000000080002c8        0x0 /Applications/ARM/bin/../lib/gcc/arm-none-eabi/9.3.1/../../../../arm-none-eabi/lib/thumb/v7e-m/nofp/libc_nano.a(lib_a-exit.o)
 .text          0x00000000080002c8        0x0 /Applications/ARM/bin/../lib/gcc/arm-none-eabi/9.3.1/../../../../arm-none-eabi/lib/thumb/v7e-m/nofp/libc_nano.a(lib_a-impure.o)
 .text          0x00000000080002c8        0x0 /Applications/ARM/bin/../lib/gcc/arm-none-eabi/9.3.1/../../../../arm-none-eabi/lib/thumb/v7e-m/nofp/libc_nano.a(lib_a-init.o)
 .text          0x00000000080002c8        0x0 /Applications/ARM/bin/../lib/gcc/arm-none-eabi/9.3.1/../../../../arm-none-eabi/lib/thumb/v7e-m/nofp/libc_nano.a(lib_a-memset.o)
 .text          0x00000000080002c8        0x0 /Applications/ARM/bin/../lib/gcc/arm-none-eabi/9.3.1/thumb/v7e-m/nofp/crtend.o
 .text          0x00000000080002c8        0x0 /Applications/ARM/bin/../lib/gcc/arm-none-eabi/9.3.1/thumb/v7e-m/nofp/crtn.o
 *(.rodata)
                0x00000000080002c8                . = ALIGN (0x4)
                0x0000000008000370                _la_data = LOADADDR (.data)

.glue_7         0x00000000080002c8        0x0
 .glue_7        0x00000000080002c8        0x0 linker stubs

.glue_7t        0x00000000080002c8        0x0
 .glue_7t       0x00000000080002c8        0x0 linker stubs

.vfp11_veneer   0x00000000080002c8        0x0
 .vfp11_veneer  0x00000000080002c8        0x0 linker stubs

.v4_bx          0x00000000080002c8        0x0
 .v4_bx         0x00000000080002c8        0x0 linker stubs

.init           0x00000000080002c8        0xc
 .init          0x00000000080002c8        0x4 /Applications/ARM/bin/../lib/gcc/arm-none-eabi/9.3.1/thumb/v7e-m/nofp/crti.o
                0x00000000080002c8                _init
 .init          0x00000000080002cc        0x8 /Applications/ARM/bin/../lib/gcc/arm-none-eabi/9.3.1/thumb/v7e-m/nofp/crtn.o

.fini           0x00000000080002d4        0xc
 .fini          0x00000000080002d4        0x4 /Applications/ARM/bin/../lib/gcc/arm-none-eabi/9.3.1/thumb/v7e-m/nofp/crti.o
                0x00000000080002d4                _fini
 .fini          0x00000000080002d8        0x8 /Applications/ARM/bin/../lib/gcc/arm-none-eabi/9.3.1/thumb/v7e-m/nofp/crtn.o

.iplt           0x00000000080002e0        0x0
 .iplt          0x00000000080002e0        0x0 /Applications/ARM/bin/../lib/gcc/arm-none-eabi/9.3.1/thumb/v7e-m/nofp/crtbegin.o

.text.exit      0x00000000080002e0       0x28
 .text.exit     0x00000000080002e0       0x28 /Applications/ARM/bin/../lib/gcc/arm-none-eabi/9.3.1/../../../../arm-none-eabi/lib/thumb/v7e-m/nofp/libc_nano.a(lib_a-exit.o)
                0x00000000080002e0                exit

.text.__libc_init_array
                0x0000000008000308       0x48
 .text.__libc_init_array
                0x0000000008000308       0x48 /Applications/ARM/bin/../lib/gcc/arm-none-eabi/9.3.1/../../../../arm-none-eabi/lib/thumb/v7e-m/nofp/libc_nano.a(lib_a-init.o)
                0x0000000008000308                __libc_init_array

.text.memset    0x0000000008000350       0x10
 .text.memset   0x0000000008000350       0x10 /Applications/ARM/bin/../lib/gcc/arm-none-eabi/9.3.1/../../../../arm-none-eabi/lib/thumb/v7e-m/nofp/libc_nano.a(lib_a-memset.o)
                0x0000000008000350                memset

.eh_frame       0x0000000008000360        0x4
 .eh_frame      0x0000000008000360        0x0 /Applications/ARM/bin/../lib/gcc/arm-none-eabi/9.3.1/thumb/v7e-m/nofp/crtbegin.o
 .eh_frame      0x0000000008000360        0x4 /Applications/ARM/bin/../lib/gcc/arm-none-eabi/9.3.1/thumb/v7e-m/nofp/crtend.o

.ARM.extab      0x0000000008000364        0x0
 .ARM.extab     0x0000000008000364        0x0 /Applications/ARM/bin/../lib/gcc/arm-none-eabi/9.3.1/../../../../arm-none-eabi/lib/thumb/v7e-m/nofp/crt0.o

.ARM.exidx      0x0000000008000364        0x8
 .ARM.exidx     0x0000000008000364        0x8 /Applications/ARM/bin/../lib/gcc/arm-none-eabi/9.3.1/../../../../arm-none-eabi/lib/thumb/v7e-m/nofp/crt0.o
                                         0x10 (size before relaxing)

.rodata._global_impure_ptr
                0x000000000800036c        0x4
 .rodata._global_impure_ptr
                0x000000000800036c        0x4 /Applications/ARM/bin/../lib/gcc/arm-none-eabi/9.3.1/../../../../arm-none-eabi/lib/thumb/v7e-m/nofp/libc_nano.a(lib_a-impure.o)
                0x000000000800036c                _global_impure_ptr

.rel.dyn        0x0000000008000370        0x0
 .rel.iplt      0x0000000008000370        0x0 /Applications/ARM/bin/../lib/gcc/arm-none-eabi/9.3.1/thumb/v7e-m/nofp/crtbegin.o

.data           0x0000000020000000        0x4 load address 0x0000000008000370
                0x0000000020000000                _sdata = .
 *(.data)
 .data          0x0000000020000000        0x0 /Applications/ARM/bin/../lib/gcc/arm-none-eabi/9.3.1/thumb/v7e-m/nofp/crti.o
 .data          0x0000000020000000        0x4 /Applications/ARM/bin/../lib/gcc/arm-none-eabi/9.3.1/thumb/v7e-m/nofp/crtbegin.o
                0x0000000020000000                __dso_handle
 .data          0x0000000020000004        0x0 /Applications/ARM/bin/../lib/gcc/arm-none-eabi/9.3.1/../../../../arm-none-eabi/lib/thumb/v7e-m/nofp/crt0.o
 .data          0x0000000020000004        0x0 syscalls.o
 .data          0x0000000020000004        0x0 main.o
 .data          0x0000000020000004        0x0 core.o
 .data          0x0000000020000004        0x0 vector_table.o
 .data          0x0000000020000004        0x0 /Applications/ARM/bin/../lib/gcc/arm-none-eabi/9.3.1/../../../../arm-none-eabi/lib/thumb/v7e-m/nofp/libc_nano.a(lib_a-exit.o)
 .data          0x0000000020000004        0x0 /Applications/ARM/bin/../lib/gcc/arm-none-eabi/9.3.1/../../../../arm-none-eabi/lib/thumb/v7e-m/nofp/libc_nano.a(lib_a-impure.o)
 .data          0x0000000020000004        0x0 /Applications/ARM/bin/../lib/gcc/arm-none-eabi/9.3.1/../../../../arm-none-eabi/lib/thumb/v7e-m/nofp/libc_nano.a(lib_a-init.o)
 .data          0x0000000020000004        0x0 /Applications/ARM/bin/../lib/gcc/arm-none-eabi/9.3.1/../../../../arm-none-eabi/lib/thumb/v7e-m/nofp/libc_nano.a(lib_a-memset.o)
 .data          0x0000000020000004        0x0 /Applications/ARM/bin/../lib/gcc/arm-none-eabi/9.3.1/thumb/v7e-m/nofp/crtend.o
 .data          0x0000000020000004        0x0 /Applications/ARM/bin/../lib/gcc/arm-none-eabi/9.3.1/thumb/v7e-m/nofp/crtn.o
                0x0000000020000004                _edata = .
                0x0000000020000004                . = ALIGN (0x4)

.init_array     0x0000000020000004        0x4 load address 0x0000000008000374
 .init_array    0x0000000020000004        0x4 /Applications/ARM/bin/../lib/gcc/arm-none-eabi/9.3.1/thumb/v7e-m/nofp/crtbegin.o

.fini_array     0x0000000020000008        0x4 load address 0x0000000008000378
 .fini_array    0x0000000020000008        0x4 /Applications/ARM/bin/../lib/gcc/arm-none-eabi/9.3.1/thumb/v7e-m/nofp/crtbegin.o

.igot.plt       0x000000002000000c        0x0 load address 0x000000000800037c
 .igot.plt      0x000000002000000c        0x0 /Applications/ARM/bin/../lib/gcc/arm-none-eabi/9.3.1/thumb/v7e-m/nofp/crtbegin.o

.data._impure_ptr
                0x000000002000000c        0x4 load address 0x000000000800037c
 .data._impure_ptr
                0x000000002000000c        0x4 /Applications/ARM/bin/../lib/gcc/arm-none-eabi/9.3.1/../../../../arm-none-eabi/lib/thumb/v7e-m/nofp/libc_nano.a(lib_a-impure.o)
                0x000000002000000c                _impure_ptr

.data.impure_data
                0x0000000020000010       0x60 load address 0x0000000008000380
 .data.impure_data
                0x0000000020000010       0x60 /Applications/ARM/bin/../lib/gcc/arm-none-eabi/9.3.1/../../../../arm-none-eabi/lib/thumb/v7e-m/nofp/libc_nano.a(lib_a-impure.o)

.bss            0x0000000020000070       0x1c load address 0x00000000080003e0
                0x0000000020000070                __bss_start__ = .
 *(.bss)
 .bss           0x0000000020000070        0x0 /Applications/ARM/bin/../lib/gcc/arm-none-eabi/9.3.1/thumb/v7e-m/nofp/crti.o
 .bss           0x0000000020000070       0x1c /Applications/ARM/bin/../lib/gcc/arm-none-eabi/9.3.1/thumb/v7e-m/nofp/crtbegin.o
 .bss           0x000000002000008c        0x0 /Applications/ARM/bin/../lib/gcc/arm-none-eabi/9.3.1/../../../../arm-none-eabi/lib/thumb/v7e-m/nofp/crt0.o
 .bss           0x000000002000008c        0x0 syscalls.o
 .bss           0x000000002000008c        0x0 main.o
 .bss           0x000000002000008c        0x0 core.o
 .bss           0x000000002000008c        0x0 vector_table.o
 .bss           0x000000002000008c        0x0 /Applications/ARM/bin/../lib/gcc/arm-none-eabi/9.3.1/../../../../arm-none-eabi/lib/thumb/v7e-m/nofp/libc_nano.a(lib_a-exit.o)
 .bss           0x000000002000008c        0x0 /Applications/ARM/bin/../lib/gcc/arm-none-eabi/9.3.1/../../../../arm-none-eabi/lib/thumb/v7e-m/nofp/libc_nano.a(lib_a-impure.o)
 .bss           0x000000002000008c        0x0 /Applications/ARM/bin/../lib/gcc/arm-none-eabi/9.3.1/../../../../arm-none-eabi/lib/thumb/v7e-m/nofp/libc_nano.a(lib_a-init.o)
 .bss           0x000000002000008c        0x0 /Applications/ARM/bin/../lib/gcc/arm-none-eabi/9.3.1/../../../../arm-none-eabi/lib/thumb/v7e-m/nofp/libc_nano.a(lib_a-memset.o)
 .bss           0x000000002000008c        0x0 /Applications/ARM/bin/../lib/gcc/arm-none-eabi/9.3.1/thumb/v7e-m/nofp/crtend.o
 .bss           0x000000002000008c        0x0 /Applications/ARM/bin/../lib/gcc/arm-none-eabi/9.3.1/thumb/v7e-m/nofp/crtn.o
                0x000000002000008c                . = ALIGN (0x4)
                0x000000002000008c                __bss_end__ = .

.dynamic_allocations
                0x000000002000008c      0x400
                0x000000002000008c                _ssystem_ram = .
                0x000000002000048c                . = (. + _MIN_RAM)
 *fill*         0x000000002000008c      0x400 
                0x000000002000048c                . = ALIGN (0x4)
                0x000000002000048c                _esystem_ram = .
OUTPUT(final.elf elf32-littlearm)
LOAD linker stubs

.ARM.attributes
                0x0000000000000000       0x2a
 .ARM.attributes
                0x0000000000000000       0x1e /Applications/ARM/bin/../lib/gcc/arm-none-eabi/9.3.1/thumb/v7e-m/nofp/crti.o
 .ARM.attributes
                0x000000000000001e       0x2e /Applications/ARM/bin/../lib/gcc/arm-none-eabi/9.3.1/thumb/v7e-m/nofp/crtbegin.o
 .ARM.attributes
                0x000000000000004c       0x1c /Applications/ARM/bin/../lib/gcc/arm-none-eabi/9.3.1/../../../../arm-none-eabi/lib/thumb/v7e-m/nofp/crt0.o
 .ARM.attributes
                0x0000000000000068       0x2e syscalls.o
 .ARM.attributes
                0x0000000000000096       0x2e main.o
 .ARM.attributes
                0x00000000000000c4       0x21 core.o
 .ARM.attributes
                0x00000000000000e5       0x21 vector_table.o
 .ARM.attributes
                0x0000000000000106       0x2e /Applications/ARM/bin/../lib/gcc/arm-none-eabi/9.3.1/../../../../arm-none-eabi/lib/thumb/v7e-m/nofp/libc_nano.a(lib_a-exit.o)
 .ARM.attributes
                0x0000000000000134       0x2e /Applications/ARM/bin/../lib/gcc/arm-none-eabi/9.3.1/../../../../arm-none-eabi/lib/thumb/v7e-m/nofp/libc_nano.a(lib_a-impure.o)
 .ARM.attributes
                0x0000000000000162       0x2e /Applications/ARM/bin/../lib/gcc/arm-none-eabi/9.3.1/../../../../arm-none-eabi/lib/thumb/v7e-m/nofp/libc_nano.a(lib_a-init.o)
 .ARM.attributes
                0x0000000000000190       0x2e /Applications/ARM/bin/../lib/gcc/arm-none-eabi/9.3.1/../../../../arm-none-eabi/lib/thumb/v7e-m/nofp/libc_nano.a(lib_a-memset.o)
 .ARM.attributes
                0x00000000000001be       0x2e /Applications/ARM/bin/../lib/gcc/arm-none-eabi/9.3.1/thumb/v7e-m/nofp/crtend.o
 .ARM.attributes
                0x00000000000001ec       0x1e /Applications/ARM/bin/../lib/gcc/arm-none-eabi/9.3.1/thumb/v7e-m/nofp/crtn.o

.comment        0x0000000000000000       0x4c
 .comment       0x0000000000000000       0x4c syscalls.o
                                         0x4d (size before relaxing)
 .comment       0x000000000000004c       0x4d main.o

.debug_info     0x0000000000000000       0xf4
 .debug_info    0x0000000000000000       0x53 syscalls.o
 .debug_info    0x0000000000000053       0x55 main.o
 .debug_info    0x00000000000000a8       0x26 core.o
 .debug_info    0x00000000000000ce       0x26 vector_table.o

.debug_abbrev   0x0000000000000000       0xc3
 .debug_abbrev  0x0000000000000000       0x4f syscalls.o
 .debug_abbrev  0x000000000000004f       0x4c main.o
 .debug_abbrev  0x000000000000009b       0x14 core.o
 .debug_abbrev  0x00000000000000af       0x14 vector_table.o

.debug_aranges  0x0000000000000000       0x80
 .debug_aranges
                0x0000000000000000       0x20 syscalls.o
 .debug_aranges
                0x0000000000000020       0x20 main.o
 .debug_aranges
                0x0000000000000040       0x20 core.o
 .debug_aranges
                0x0000000000000060       0x20 vector_table.o

.debug_line     0x0000000000000000      0x114
 .debug_line    0x0000000000000000       0x41 syscalls.o
 .debug_line    0x0000000000000041       0x40 main.o
 .debug_line    0x0000000000000081       0x54 core.o
 .debug_line    0x00000000000000d5       0x3f vector_table.o

.debug_str      0x0000000000000000       0xe5
 .debug_str     0x0000000000000000       0xb5 syscalls.o
 .debug_str     0x00000000000000b5        0xc main.o
                                         0xa9 (size before relaxing)
 .debug_str     0x00000000000000c1       0x15 core.o
                                         0x51 (size before relaxing)
 .debug_str     0x00000000000000d6        0xf vector_table.o
                                         0x59 (size before relaxing)

.debug_frame    0x0000000000000000       0xcc
 .debug_frame   0x0000000000000000       0x2c syscalls.o
 .debug_frame   0x000000000000002c       0x2c main.o
 .debug_frame   0x0000000000000058       0x28 /Applications/ARM/bin/../lib/gcc/arm-none-eabi/9.3.1/../../../../arm-none-eabi/lib/thumb/v7e-m/nofp/libc_nano.a(lib_a-exit.o)
 .debug_frame   0x0000000000000080       0x2c /Applications/ARM/bin/../lib/gcc/arm-none-eabi/9.3.1/../../../../arm-none-eabi/lib/thumb/v7e-m/nofp/libc_nano.a(lib_a-init.o)
 .debug_frame   0x00000000000000ac       0x20 /Applications/ARM/bin/../lib/gcc/arm-none-eabi/9.3.1/../../../../arm-none-eabi/lib/thumb/v7e-m/nofp/libc_nano.a(lib_a-memset.o)
